// Jest Snapshot v1, https://goo.gl/fbAQLP

exports[`renders other resources details 1`] = `
<Fragment>
  <h6>
    Other Resources
  </h6>
  <table>
    <thead>
      <tr>
        <th>
          KIND
        </th>
        <th>
          NAMESPACE
        </th>
        <th>
          NAME
        </th>
      </tr>
    </thead>
    <tbody>
      <tr
        key="otherResources/Secret/foo"
      >
        <td>
          Secret
        </td>
        <td>
          <i
            style={
              Object {
                "color": "lightgray",
              }
            }
          >
            Not Namespaced
          </i>
        </td>
        <td>
          foo
        </td>
      </tr>
      <tr
        key="otherResources/PersistentVolume/foo"
      >
        <td>
          PersistentVolume
        </td>
        <td>
          <i
            style={
              Object {
                "color": "lightgray",
              }
            }
          >
            Not Namespaced
          </i>
        </td>
        <td>
          foo
        </td>
      </tr>
    </tbody>
  </table>
</Fragment>
`;
