// Jest Snapshot v1, https://goo.gl/fbAQLP

exports[`when name or namespace do not exist loading spinner matches the snapshot 1`] = `
<LoadingWrapper
  loaded={false}
/>
`;

exports[`when name or namespace do not exist loading spinner matches the snapshot 2`] = `
<LoadingWrapper
  loaded={false}
/>
`;
