// Jest Snapshot v1, https://goo.gl/fbAQLP

exports[`when loaded is false matches the snapshot 1`] = `<LoaderSpinner />`;

exports[`when loaded is true matches the snapshot 1`] = `<ChildrenComponent />`;
