// Jest Snapshot v1, https://goo.gl/fbAQLP

exports[`render when no version selected loading spinner matches the snapshot 1`] = `
<LoadingWrapper
  loaded={false}
/>
`;

exports[`render when versions but deploying loading spinner matches the snapshot 1`] = `
<LoadingWrapper
  loaded={false}
/>
`;
