// Jest Snapshot v1, https://goo.gl/fbAQLP

exports[`renders an error message for the action 1`] = `
<UnexpectedErrorPage
  icon={[Function]}
  showGenericMessage={false}
  title={
    <span>
      You don't have sufficient permissions to 
      unit-test
       in 
      <span>
        the 
        <code>
          test
        </code>
         namespace
      </span>
    </span>
  }
>
  <div>
    <p>
      Ask your administrator for the following RBAC roles:
    </p>
    <ul
      className="error__permisions-list"
    />
    <p>
      See the documentation for more info on
       
      <a
        href="https://github.com/kubeapps/kubeapps/blob/master/docs/user/access-control.md"
        target="_blank"
      >
        access control in Kubeapps
      </a>
      .
    </p>
  </div>
</UnexpectedErrorPage>
`;
